// Jest Snapshot v1, https://goo.gl/fbAQLP

exports[`SectionTitle renders correctly 1`] = `
<h3
  className="sc-bdfBwQ gDPGBl"
/>
`;
