// Jest Snapshot v1, https://goo.gl/fbAQLP

exports[`Grid renders correctly 1`] = `
<div
  className="sc-bdfBwQ dNJOoc card-columns"
>
  <div
    className="sc-gsTCUz eNxcgE card"
  >
    test
  </div>
</div>
`;
