// Jest Snapshot v1, https://goo.gl/fbAQLP

exports[`Card renders correctly 1`] = `
<div
  className="sc-bdfBwQ jsuVRs card"
>
  test
</div>
`;
